// Jest Snapshot v1, https://goo.gl/fbAQLP

exports[`<Container /> should render the container 1`] = `
<div
  class="ml-auto mr-auto w-full max-w-[120rem] pl-6 pr-6"
>
  <span>
    Next E-commerce
  </span>
</div>
`;
